Current Dir: /local/d1p5/malcolm/haskell/compilers/tests/conformance98/Directory/getDirContents
    .
    ..
    Main.hs
    Main.hi
    Main.o
    Main
    tmp.out
    tmp.err
    hmake.err
    getDir.stdout
